[0.032s][info][gc] Using Serial
[42.468s][info][gc] GC(0) Pause Young (Allocation Failure) 4M->2M(15M) 6.432ms
[42.500s][info][gc] GC(1) Pause Young (Allocation Failure) 6M->2M(15M) 2.481ms
[42.516s][info][gc] GC(2) Pause Young (Allocation Failure) 6M->2M(15M) 0.381ms
[42.530s][info][gc] GC(3) Pause Young (Allocation Failure) 6M->2M(15M) 0.252ms
[42.546s][info][gc] GC(4) Pause Young (Allocation Failure) 6M->2M(15M) 0.316ms
[42.561s][info][gc] GC(5) Pause Young (Allocation Failure) 6M->2M(15M) 0.399ms
[42.576s][info][gc] GC(6) Pause Young (Allocation Failure) 6M->2M(15M) 0.452ms
[42.590s][info][gc] GC(7) Pause Young (Allocation Failure) 6M->2M(15M) 0.284ms
[42.600s][info][gc] GC(8) Pause Young (Allocation Failure) 6M->2M(15M) 0.377ms
[42.610s][info][gc] GC(9) Pause Young (Allocation Failure) 6M->2M(15M) 0.299ms
[42.619s][info][gc] GC(10) Pause Young (Allocation Failure) 6M->2M(15M) 0.382ms
[42.624s][info][gc] GC(11) Pause Young (Allocation Failure) 6M->2M(15M) 0.289ms
[42.628s][info][gc] GC(12) Pause Young (Allocation Failure) 6M->2M(15M) 0.374ms
[42.633s][info][gc] GC(13) Pause Young (Allocation Failure) 6M->2M(15M) 0.287ms
[42.638s][info][gc] GC(14) Pause Young (Allocation Failure) 6M->2M(15M) 0.391ms
[42.642s][info][gc] GC(15) Pause Young (Allocation Failure) 6M->2M(15M) 0.263ms
[131.751s][info][gc] GC(16) Pause Young (Allocation Failure) 6M->2M(15M) 0.449ms
[131.756s][info][gc] GC(17) Pause Young (Allocation Failure) 6M->2M(15M) 0.273ms
[131.760s][info][gc] GC(18) Pause Young (Allocation Failure) 6M->2M(15M) 0.338ms
[131.764s][info][gc] GC(19) Pause Young (Allocation Failure) 6M->2M(15M) 0.237ms
[131.768s][info][gc] GC(20) Pause Young (Allocation Failure) 6M->2M(15M) 0.331ms
[131.773s][info][gc] GC(21) Pause Young (Allocation Failure) 6M->2M(15M) 0.264ms
[131.777s][info][gc] GC(22) Pause Young (Allocation Failure) 6M->2M(15M) 0.329ms
[131.782s][info][gc] GC(23) Pause Young (Allocation Failure) 6M->2M(15M) 0.251ms
[131.786s][info][gc] GC(24) Pause Young (Allocation Failure) 6M->2M(15M) 0.347ms
[131.790s][info][gc] GC(25) Pause Young (Allocation Failure) 6M->2M(15M) 0.266ms
[131.795s][info][gc] GC(26) Pause Young (Allocation Failure) 6M->2M(15M) 0.328ms
[131.798s][info][gc] GC(27) Pause Young (Allocation Failure) 6M->2M(15M) 0.262ms
[131.802s][info][gc] GC(28) Pause Young (Allocation Failure) 6M->2M(15M) 0.339ms
[131.805s][info][gc] GC(29) Pause Young (Allocation Failure) 6M->2M(15M) 0.258ms
[131.808s][info][gc] GC(30) Pause Young (Allocation Failure) 6M->2M(15M) 0.304ms
